<?php return array (
  0 => 'Symfony\\Bundle\\FrameworkBundle\\Controller\\AbstractController',
  1 => 'App\\Controller\\AbonnementController',
  2 => 'App\\Controller\\AdminController',
  3 => 'App\\Controller\\AdminDashboardController',
  4 => 'App\\Controller\\CalendarController',
  5 => 'App\\Controller\\ChapitreController',
  6 => 'App\\Controller\\ChapitreNotifier',
  7 => 'App\\Controller\\ChapitreStatisticsJob',
  8 => 'App\\Controller\\ChapitreToHTMLJob',
  9 => 'App\\Controller\\ChatgptController',
  10 => 'App\\Controller\\CmntController',
  11 => 'App\\Controller\\CourseController',
  12 => 'App\\Controller\\DonationController',
  13 => 'App\\Controller\\HomeController',
  14 => 'App\\Controller\\InstructorController',
  15 => 'App\\Controller\\InstructorDashboardController',
  16 => 'App\\Controller\\Payment1Controller',
  17 => 'App\\Controller\\PaymentController',
  18 => 'App\\Controller\\PostController',
  19 => 'App\\Controller\\ProfController',
  20 => 'App\\Controller\\ReclamationController',
  21 => 'App\\Controller\\RegistrationController',
  22 => 'App\\Controller\\ResetPasswordController',
  23 => 'App\\Controller\\ReviewController',
  24 => 'App\\Controller\\SecurityController',
  25 => 'App\\Controller\\StatistiqueController',
  26 => 'App\\Controller\\StudentController',
  27 => 'App\\Controller\\StudentDashboardController',
  28 => 'App\\Entity\\Abonnement',
  29 => 'App\\Entity\\Admin',
  30 => 'App\\Entity\\Chapitre',
  31 => 'App\\Entity\\Chapitrefile',
  32 => 'App\\Entity\\Chapitrequizz',
  33 => 'App\\Entity\\Cmnt',
  34 => 'App\\Entity\\Course',
  35 => 'App\\Entity\\DoctrineMigrationVersions',
  36 => 'App\\Entity\\Donation',
  37 => 'App\\Entity\\Instructor',
  38 => 'App\\Entity\\MessengerMessages',
  39 => 'App\\Entity\\Payment',
  40 => 'App\\Entity\\Post',
  41 => 'App\\Entity\\Reclamation',
  42 => 'App\\Entity\\ResetPasswordRequest',
  43 => 'App\\Entity\\Review',
  44 => 'App\\Entity\\Student',
  45 => 'CalendarBundle\\Controller\\CalendarController',
  46 => 'CalendarBundle\\Entity\\Event',
  47 => 'Doctrine\\Bundle\\DoctrineBundle\\Controller\\ProfilerController',
  48 => 'Doctrine\\ORM\\Cache\\Persister\\Entity\\AbstractEntityPersister',
  49 => 'Doctrine\\ORM\\Cache\\Persister\\Entity\\CachedEntityPersister',
  50 => 'Doctrine\\ORM\\Cache\\Persister\\Entity\\NonStrictReadWriteCachedEntityPersister',
  51 => 'Doctrine\\ORM\\Cache\\Persister\\Entity\\ReadOnlyCachedEntityPersister',
  52 => 'Doctrine\\ORM\\Cache\\Persister\\Entity\\ReadWriteCachedEntityPersister',
  53 => 'Doctrine\\ORM\\Persisters\\Entity\\AbstractEntityInheritancePersister',
  54 => 'Doctrine\\ORM\\Persisters\\Entity\\BasicEntityPersister',
  55 => 'Doctrine\\ORM\\Persisters\\Entity\\CachedPersisterContext',
  56 => 'Doctrine\\ORM\\Persisters\\Entity\\EntityPersister',
  57 => 'Doctrine\\ORM\\Persisters\\Entity\\JoinedSubclassPersister',
  58 => 'Doctrine\\ORM\\Persisters\\Entity\\SingleTablePersister',
  59 => 'Scheb\\TwoFactorBundle\\Controller\\FormController',
  60 => 'SymfonyCasts\\Bundle\\ResetPassword\\Controller\\ResetPasswordControllerTrait',
  62 => 'Symfony\\Bundle\\FrameworkBundle\\Controller\\ControllerResolver',
  63 => 'Symfony\\Bundle\\FrameworkBundle\\Controller\\RedirectController',
  64 => 'Symfony\\Bundle\\FrameworkBundle\\Controller\\TemplateController',
  65 => 'Symfony\\Bundle\\WebProfilerBundle\\Controller\\ExceptionPanelController',
  66 => 'Symfony\\Bundle\\WebProfilerBundle\\Controller\\ProfilerController',
  67 => 'Symfony\\Bundle\\WebProfilerBundle\\Controller\\RouterController',
  68 => 'Symfony\\Component\\HttpKernel\\Controller\\ArgumentResolver',
  69 => 'Symfony\\Component\\HttpKernel\\Controller\\ArgumentResolverInterface',
  70 => 'Symfony\\Component\\HttpKernel\\Controller\\ArgumentResolver\\DefaultValueResolver',
  71 => 'Symfony\\Component\\HttpKernel\\Controller\\ArgumentResolver\\NotTaggedControllerValueResolver',
  72 => 'Symfony\\Component\\HttpKernel\\Controller\\ArgumentResolver\\RequestAttributeValueResolver',
  73 => 'Symfony\\Component\\HttpKernel\\Controller\\ArgumentResolver\\RequestValueResolver',
  74 => 'Symfony\\Component\\HttpKernel\\Controller\\ArgumentResolver\\ServiceValueResolver',
  75 => 'Symfony\\Component\\HttpKernel\\Controller\\ArgumentResolver\\SessionValueResolver',
  76 => 'Symfony\\Component\\HttpKernel\\Controller\\ArgumentResolver\\TraceableValueResolver',
  77 => 'Symfony\\Component\\HttpKernel\\Controller\\ArgumentResolver\\VariadicValueResolver',
  78 => 'Symfony\\Component\\HttpKernel\\Controller\\ArgumentValueResolverInterface',
  79 => 'Symfony\\Component\\HttpKernel\\Controller\\ContainerControllerResolver',
  80 => 'Symfony\\Component\\HttpKernel\\Controller\\ControllerReference',
  81 => 'Symfony\\Component\\HttpKernel\\Controller\\ControllerResolver',
  82 => 'Symfony\\Component\\HttpKernel\\Controller\\ControllerResolverInterface',
  83 => 'Symfony\\Component\\HttpKernel\\Controller\\ErrorController',
  84 => 'Symfony\\Component\\HttpKernel\\Controller\\TraceableArgumentResolver',
  85 => 'Symfony\\Component\\HttpKernel\\Controller\\TraceableControllerResolver',
  86 => 'Symfony\\Component\\Security\\Http\\Controller\\UserValueResolver',
  87 => 'Twilio\\Rest\\Verify\\V2\\Service\\Entity\\ChallengeContext',
  88 => 'Twilio\\Rest\\Verify\\V2\\Service\\Entity\\ChallengeInstance',
  89 => 'Twilio\\Rest\\Verify\\V2\\Service\\Entity\\ChallengeList',
  90 => 'Twilio\\Rest\\Verify\\V2\\Service\\Entity\\ChallengeOptions',
  91 => 'Twilio\\Rest\\Verify\\V2\\Service\\Entity\\ChallengePage',
  92 => 'Twilio\\Rest\\Verify\\V2\\Service\\Entity\\Challenge\\NotificationInstance',
  93 => 'Twilio\\Rest\\Verify\\V2\\Service\\Entity\\Challenge\\NotificationList',
  94 => 'Twilio\\Rest\\Verify\\V2\\Service\\Entity\\Challenge\\NotificationOptions',
  95 => 'Twilio\\Rest\\Verify\\V2\\Service\\Entity\\Challenge\\NotificationPage',
  96 => 'Twilio\\Rest\\Verify\\V2\\Service\\Entity\\FactorContext',
  97 => 'Twilio\\Rest\\Verify\\V2\\Service\\Entity\\FactorInstance',
  98 => 'Twilio\\Rest\\Verify\\V2\\Service\\Entity\\FactorList',
  99 => 'Twilio\\Rest\\Verify\\V2\\Service\\Entity\\FactorOptions',
  100 => 'Twilio\\Rest\\Verify\\V2\\Service\\Entity\\FactorPage',
  101 => 'Twilio\\Rest\\Verify\\V2\\Service\\Entity\\NewFactorInstance',
  102 => 'Twilio\\Rest\\Verify\\V2\\Service\\Entity\\NewFactorList',
  103 => 'Twilio\\Rest\\Verify\\V2\\Service\\Entity\\NewFactorOptions',
  104 => 'Twilio\\Rest\\Verify\\V2\\Service\\Entity\\NewFactorPage',
);